// Jest Snapshot v1, https://goo.gl/fbAQLP

exports[`Should consider all props and generate unique html based on that 1`] = `
<section
  className="sc-AxhCb eKckXn"
  style={
    Object {
      "width": 200,
    }
  }
>
  <section
    className="sc-AxhUy iEtntx"
  >
    <div
      className="sc-AxjAm faPnbs"
      style={
        Object {
          "color": "red",
          "padding": 5,
        }
      }
    >
      <img
        className="sc-AxiKw cuzgab"
        onClick={[Function]}
        src="s"
      />
      <input
        className="sc-AxirZ eIeUVT"
        placeholder="Placeholder not set!"
        type="text"
        value="some text in the input"
      />
    </div>
  </section>
</section>
`;
